{"timestamp":"2026-05-16T03:13:29.249421Z","level":"info","event":"Filling up the DagBag from /opt/airflow/dags/crawle_tiki.py","logger":"airflow.models.dagbag.DagBag","filename":"dagbag.py","lineno":593}
{"timestamp":"2026-05-16T03:13:29.250642Z","level":"error","event":"Failed to import: /opt/airflow/dags/crawle_tiki.py","logger":"airflow.models.dagbag.DagBag","filename":"dagbag.py","lineno":415,"error_detail":[{"exc_type":"TypeError","exc_value":"DAG.__init__() got an unexpected keyword argument 'schedule_interval'","exc_notes":[],"syntax_error":null,"is_cause":false,"frames":[{"filename":"/home/airflow/.local/lib/python3.12/site-packages/airflow/models/dagbag.py","lineno":405,"name":"parse"},{"filename":"<frozen importlib._bootstrap_external>","lineno":999,"name":"exec_module"},{"filename":"<frozen importlib._bootstrap>","lineno":488,"name":"_call_with_frames_removed"},{"filename":"/opt/airflow/dags/crawle_tiki.py","lineno":5,"name":"<module>"}],"is_group":false,"exceptions":[]}]}
{"timestamp":"2026-05-16T03:13:59.545301Z","level":"info","event":"Filling up the DagBag from /opt/airflow/dags/crawle_tiki.py","logger":"airflow.models.dagbag.DagBag","filename":"dagbag.py","lineno":593}
{"timestamp":"2026-05-16T03:13:59.546274Z","level":"error","event":"Failed to import: /opt/airflow/dags/crawle_tiki.py","logger":"airflow.models.dagbag.DagBag","filename":"dagbag.py","lineno":415,"error_detail":[{"exc_type":"TypeError","exc_value":"DAG.__init__() got an unexpected keyword argument 'schedule_interval'","exc_notes":[],"syntax_error":null,"is_cause":false,"frames":[{"filename":"/home/airflow/.local/lib/python3.12/site-packages/airflow/models/dagbag.py","lineno":405,"name":"parse"},{"filename":"<frozen importlib._bootstrap_external>","lineno":999,"name":"exec_module"},{"filename":"<frozen importlib._bootstrap>","lineno":488,"name":"_call_with_frames_removed"},{"filename":"/opt/airflow/dags/crawle_tiki.py","lineno":5,"name":"<module>"}],"is_group":false,"exceptions":[]}]}
{"timestamp":"2026-05-16T03:14:29.839159Z","level":"info","event":"Filling up the DagBag from /opt/airflow/dags/crawle_tiki.py","logger":"airflow.models.dagbag.DagBag","filename":"dagbag.py","lineno":593}
{"timestamp":"2026-05-16T03:14:29.840169Z","level":"error","event":"Failed to import: /opt/airflow/dags/crawle_tiki.py","logger":"airflow.models.dagbag.DagBag","filename":"dagbag.py","lineno":415,"error_detail":[{"exc_type":"TypeError","exc_value":"DAG.__init__() got an unexpected keyword argument 'schedule_interval'","exc_notes":[],"syntax_error":null,"is_cause":false,"frames":[{"filename":"/home/airflow/.local/lib/python3.12/site-packages/airflow/models/dagbag.py","lineno":405,"name":"parse"},{"filename":"<frozen importlib._bootstrap_external>","lineno":999,"name":"exec_module"},{"filename":"<frozen importlib._bootstrap>","lineno":488,"name":"_call_with_frames_removed"},{"filename":"/opt/airflow/dags/crawle_tiki.py","lineno":5,"name":"<module>"}],"is_group":false,"exceptions":[]}]}
{"timestamp":"2026-05-16T03:14:57.063371Z","level":"info","event":"Filling up the DagBag from /opt/airflow/dags/crawle_tiki.py","logger":"airflow.models.dagbag.DagBag","filename":"dagbag.py","lineno":593}
{"timestamp":"2026-05-16T03:15:27.388215Z","level":"info","event":"Filling up the DagBag from /opt/airflow/dags/crawle_tiki.py","logger":"airflow.models.dagbag.DagBag","filename":"dagbag.py","lineno":593}
{"timestamp":"2026-05-16T03:15:31.482131Z","level":"info","event":"Filling up the DagBag from /opt/airflow/dags/crawle_tiki.py","logger":"airflow.models.dagbag.DagBag","filename":"dagbag.py","lineno":593}
{"timestamp":"2026-05-16T03:15:31.488156Z","level":"warning","event":"The `airflow.operators.bash.BashOperator` attribute is deprecated. Please use `'airflow.providers.standard.operators.bash.BashOperator'`.","category":"DeprecatedImportWarning","filename":"/opt/airflow/dags/crawle_tiki.py","lineno":3,"logger":"py.warnings"}
{"timestamp":"2026-05-16T03:15:40.622885Z","level":"info","event":"Filling up the DagBag from /opt/airflow/dags/crawle_tiki.py","logger":"airflow.models.dagbag.DagBag","filename":"dagbag.py","lineno":593}
{"timestamp":"2026-05-16T03:15:40.628685Z","level":"warning","event":"The `airflow.operators.bash.BashOperator` attribute is deprecated. Please use `'airflow.providers.standard.operators.bash.BashOperator'`.","category":"DeprecatedImportWarning","filename":"/opt/airflow/dags/crawle_tiki.py","lineno":3,"logger":"py.warnings"}
{"timestamp":"2026-05-16T03:16:10.981037Z","level":"info","event":"Filling up the DagBag from /opt/airflow/dags/crawle_tiki.py","logger":"airflow.models.dagbag.DagBag","filename":"dagbag.py","lineno":593}
{"timestamp":"2026-05-16T03:16:10.985628Z","level":"warning","event":"The `airflow.operators.bash.BashOperator` attribute is deprecated. Please use `'airflow.providers.standard.operators.bash.BashOperator'`.","category":"DeprecatedImportWarning","filename":"/opt/airflow/dags/crawle_tiki.py","lineno":3,"logger":"py.warnings"}
{"timestamp":"2026-05-16T03:16:41.304800Z","level":"info","event":"Filling up the DagBag from /opt/airflow/dags/crawle_tiki.py","logger":"airflow.models.dagbag.DagBag","filename":"dagbag.py","lineno":593}
{"timestamp":"2026-05-16T03:16:41.307962Z","level":"warning","event":"The `airflow.operators.bash.BashOperator` attribute is deprecated. Please use `'airflow.providers.standard.operators.bash.BashOperator'`.","category":"DeprecatedImportWarning","filename":"/opt/airflow/dags/crawle_tiki.py","lineno":3,"logger":"py.warnings"}
{"timestamp":"2026-05-16T03:17:11.576117Z","level":"info","event":"Filling up the DagBag from /opt/airflow/dags/crawle_tiki.py","logger":"airflow.models.dagbag.DagBag","filename":"dagbag.py","lineno":593}
{"timestamp":"2026-05-16T03:17:11.579450Z","level":"warning","event":"The `airflow.operators.bash.BashOperator` attribute is deprecated. Please use `'airflow.providers.standard.operators.bash.BashOperator'`.","category":"DeprecatedImportWarning","filename":"/opt/airflow/dags/crawle_tiki.py","lineno":3,"logger":"py.warnings"}
{"timestamp":"2026-05-16T03:17:41.884162Z","level":"info","event":"Filling up the DagBag from /opt/airflow/dags/crawle_tiki.py","logger":"airflow.models.dagbag.DagBag","filename":"dagbag.py","lineno":593}
{"timestamp":"2026-05-16T03:17:41.887577Z","level":"warning","event":"The `airflow.operators.bash.BashOperator` attribute is deprecated. Please use `'airflow.providers.standard.operators.bash.BashOperator'`.","category":"DeprecatedImportWarning","filename":"/opt/airflow/dags/crawle_tiki.py","lineno":3,"logger":"py.warnings"}
{"timestamp":"2026-05-16T03:18:12.195168Z","level":"info","event":"Filling up the DagBag from /opt/airflow/dags/crawle_tiki.py","logger":"airflow.models.dagbag.DagBag","filename":"dagbag.py","lineno":593}
{"timestamp":"2026-05-16T03:18:12.205173Z","level":"warning","event":"The `airflow.operators.bash.BashOperator` attribute is deprecated. Please use `'airflow.providers.standard.operators.bash.BashOperator'`.","category":"DeprecatedImportWarning","filename":"/opt/airflow/dags/crawle_tiki.py","lineno":3,"logger":"py.warnings"}
{"timestamp":"2026-05-16T03:18:42.522603Z","level":"info","event":"Filling up the DagBag from /opt/airflow/dags/crawle_tiki.py","logger":"airflow.models.dagbag.DagBag","filename":"dagbag.py","lineno":593}
{"timestamp":"2026-05-16T03:18:42.526312Z","level":"warning","event":"The `airflow.operators.bash.BashOperator` attribute is deprecated. Please use `'airflow.providers.standard.operators.bash.BashOperator'`.","category":"DeprecatedImportWarning","filename":"/opt/airflow/dags/crawle_tiki.py","lineno":3,"logger":"py.warnings"}
{"timestamp":"2026-05-16T03:19:12.826170Z","level":"info","event":"Filling up the DagBag from /opt/airflow/dags/crawle_tiki.py","logger":"airflow.models.dagbag.DagBag","filename":"dagbag.py","lineno":593}
{"timestamp":"2026-05-16T03:19:12.829274Z","level":"warning","event":"The `airflow.operators.bash.BashOperator` attribute is deprecated. Please use `'airflow.providers.standard.operators.bash.BashOperator'`.","category":"DeprecatedImportWarning","filename":"/opt/airflow/dags/crawle_tiki.py","lineno":3,"logger":"py.warnings"}
{"timestamp":"2026-05-16T03:19:43.161775Z","level":"info","event":"Filling up the DagBag from /opt/airflow/dags/crawle_tiki.py","logger":"airflow.models.dagbag.DagBag","filename":"dagbag.py","lineno":593}
{"timestamp":"2026-05-16T03:19:43.165718Z","level":"warning","event":"The `airflow.operators.bash.BashOperator` attribute is deprecated. Please use `'airflow.providers.standard.operators.bash.BashOperator'`.","category":"DeprecatedImportWarning","filename":"/opt/airflow/dags/crawle_tiki.py","lineno":3,"logger":"py.warnings"}
{"timestamp":"2026-05-16T03:20:13.445905Z","level":"info","event":"Filling up the DagBag from /opt/airflow/dags/crawle_tiki.py","logger":"airflow.models.dagbag.DagBag","filename":"dagbag.py","lineno":593}
{"timestamp":"2026-05-16T03:20:13.450206Z","level":"warning","event":"The `airflow.operators.bash.BashOperator` attribute is deprecated. Please use `'airflow.providers.standard.operators.bash.BashOperator'`.","category":"DeprecatedImportWarning","filename":"/opt/airflow/dags/crawle_tiki.py","lineno":3,"logger":"py.warnings"}
{"timestamp":"2026-05-16T03:20:43.729412Z","level":"info","event":"Filling up the DagBag from /opt/airflow/dags/crawle_tiki.py","logger":"airflow.models.dagbag.DagBag","filename":"dagbag.py","lineno":593}
{"timestamp":"2026-05-16T03:20:43.734703Z","level":"warning","event":"The `airflow.operators.bash.BashOperator` attribute is deprecated. Please use `'airflow.providers.standard.operators.bash.BashOperator'`.","category":"DeprecatedImportWarning","filename":"/opt/airflow/dags/crawle_tiki.py","lineno":3,"logger":"py.warnings"}
{"timestamp":"2026-05-16T03:21:14.049645Z","level":"info","event":"Filling up the DagBag from /opt/airflow/dags/crawle_tiki.py","logger":"airflow.models.dagbag.DagBag","filename":"dagbag.py","lineno":593}
{"timestamp":"2026-05-16T03:21:14.052979Z","level":"warning","event":"The `airflow.operators.bash.BashOperator` attribute is deprecated. Please use `'airflow.providers.standard.operators.bash.BashOperator'`.","category":"DeprecatedImportWarning","filename":"/opt/airflow/dags/crawle_tiki.py","lineno":3,"logger":"py.warnings"}
{"timestamp":"2026-05-16T03:21:44.360376Z","level":"info","event":"Filling up the DagBag from /opt/airflow/dags/crawle_tiki.py","logger":"airflow.models.dagbag.DagBag","filename":"dagbag.py","lineno":593}
{"timestamp":"2026-05-16T03:21:44.364358Z","level":"warning","event":"The `airflow.operators.bash.BashOperator` attribute is deprecated. Please use `'airflow.providers.standard.operators.bash.BashOperator'`.","category":"DeprecatedImportWarning","filename":"/opt/airflow/dags/crawle_tiki.py","lineno":3,"logger":"py.warnings"}
{"timestamp":"2026-05-16T03:22:14.699537Z","level":"info","event":"Filling up the DagBag from /opt/airflow/dags/crawle_tiki.py","logger":"airflow.models.dagbag.DagBag","filename":"dagbag.py","lineno":593}
{"timestamp":"2026-05-16T03:22:14.704677Z","level":"warning","event":"The `airflow.operators.bash.BashOperator` attribute is deprecated. Please use `'airflow.providers.standard.operators.bash.BashOperator'`.","category":"DeprecatedImportWarning","filename":"/opt/airflow/dags/crawle_tiki.py","lineno":3,"logger":"py.warnings"}
{"timestamp":"2026-05-16T03:22:44.982561Z","level":"info","event":"Filling up the DagBag from /opt/airflow/dags/crawle_tiki.py","logger":"airflow.models.dagbag.DagBag","filename":"dagbag.py","lineno":593}
{"timestamp":"2026-05-16T03:22:44.987151Z","level":"warning","event":"The `airflow.operators.bash.BashOperator` attribute is deprecated. Please use `'airflow.providers.standard.operators.bash.BashOperator'`.","category":"DeprecatedImportWarning","filename":"/opt/airflow/dags/crawle_tiki.py","lineno":3,"logger":"py.warnings"}
{"timestamp":"2026-05-16T03:23:15.291763Z","level":"info","event":"Filling up the DagBag from /opt/airflow/dags/crawle_tiki.py","logger":"airflow.models.dagbag.DagBag","filename":"dagbag.py","lineno":593}
{"timestamp":"2026-05-16T03:23:15.295488Z","level":"warning","event":"The `airflow.operators.bash.BashOperator` attribute is deprecated. Please use `'airflow.providers.standard.operators.bash.BashOperator'`.","category":"DeprecatedImportWarning","filename":"/opt/airflow/dags/crawle_tiki.py","lineno":3,"logger":"py.warnings"}
{"timestamp":"2026-05-16T03:23:45.613261Z","level":"info","event":"Filling up the DagBag from /opt/airflow/dags/crawle_tiki.py","logger":"airflow.models.dagbag.DagBag","filename":"dagbag.py","lineno":593}
{"timestamp":"2026-05-16T03:23:45.616533Z","level":"warning","event":"The `airflow.operators.bash.BashOperator` attribute is deprecated. Please use `'airflow.providers.standard.operators.bash.BashOperator'`.","category":"DeprecatedImportWarning","filename":"/opt/airflow/dags/crawle_tiki.py","lineno":3,"logger":"py.warnings"}
{"timestamp":"2026-05-16T03:23:54.722233Z","level":"info","event":"Filling up the DagBag from /opt/airflow/dags/crawle_tiki.py","logger":"airflow.models.dagbag.DagBag","filename":"dagbag.py","lineno":593}
{"timestamp":"2026-05-16T03:23:54.726308Z","level":"warning","event":"The `airflow.operators.bash.BashOperator` attribute is deprecated. Please use `'airflow.providers.standard.operators.bash.BashOperator'`.","category":"DeprecatedImportWarning","filename":"/opt/airflow/dags/crawle_tiki.py","lineno":3,"logger":"py.warnings"}
{"timestamp":"2026-05-16T03:24:25.074367Z","level":"info","event":"Filling up the DagBag from /opt/airflow/dags/crawle_tiki.py","logger":"airflow.models.dagbag.DagBag","filename":"dagbag.py","lineno":593}
{"timestamp":"2026-05-16T03:24:25.080691Z","level":"warning","event":"The `airflow.operators.bash.BashOperator` attribute is deprecated. Please use `'airflow.providers.standard.operators.bash.BashOperator'`.","category":"DeprecatedImportWarning","filename":"/opt/airflow/dags/crawle_tiki.py","lineno":3,"logger":"py.warnings"}
{"timestamp":"2026-05-16T03:24:55.399530Z","level":"info","event":"Filling up the DagBag from /opt/airflow/dags/crawle_tiki.py","logger":"airflow.models.dagbag.DagBag","filename":"dagbag.py","lineno":593}
{"timestamp":"2026-05-16T03:24:55.403445Z","level":"warning","event":"The `airflow.operators.bash.BashOperator` attribute is deprecated. Please use `'airflow.providers.standard.operators.bash.BashOperator'`.","category":"DeprecatedImportWarning","filename":"/opt/airflow/dags/crawle_tiki.py","lineno":3,"logger":"py.warnings"}
{"timestamp":"2026-05-16T03:25:25.722339Z","level":"info","event":"Filling up the DagBag from /opt/airflow/dags/crawle_tiki.py","logger":"airflow.models.dagbag.DagBag","filename":"dagbag.py","lineno":593}
{"timestamp":"2026-05-16T03:25:25.726874Z","level":"warning","event":"The `airflow.operators.bash.BashOperator` attribute is deprecated. Please use `'airflow.providers.standard.operators.bash.BashOperator'`.","category":"DeprecatedImportWarning","filename":"/opt/airflow/dags/crawle_tiki.py","lineno":3,"logger":"py.warnings"}
{"timestamp":"2026-05-16T03:25:56.034039Z","level":"info","event":"Filling up the DagBag from /opt/airflow/dags/crawle_tiki.py","logger":"airflow.models.dagbag.DagBag","filename":"dagbag.py","lineno":593}
{"timestamp":"2026-05-16T03:25:56.038300Z","level":"warning","event":"The `airflow.operators.bash.BashOperator` attribute is deprecated. Please use `'airflow.providers.standard.operators.bash.BashOperator'`.","category":"DeprecatedImportWarning","filename":"/opt/airflow/dags/crawle_tiki.py","lineno":3,"logger":"py.warnings"}
{"timestamp":"2026-05-16T03:26:26.365531Z","level":"info","event":"Filling up the DagBag from /opt/airflow/dags/crawle_tiki.py","logger":"airflow.models.dagbag.DagBag","filename":"dagbag.py","lineno":593}
{"timestamp":"2026-05-16T03:26:26.371947Z","level":"warning","event":"The `airflow.operators.bash.BashOperator` attribute is deprecated. Please use `'airflow.providers.standard.operators.bash.BashOperator'`.","category":"DeprecatedImportWarning","filename":"/opt/airflow/dags/crawle_tiki.py","lineno":3,"logger":"py.warnings"}
{"timestamp":"2026-05-16T03:26:56.674444Z","level":"info","event":"Filling up the DagBag from /opt/airflow/dags/crawle_tiki.py","logger":"airflow.models.dagbag.DagBag","filename":"dagbag.py","lineno":593}
{"timestamp":"2026-05-16T03:26:56.677953Z","level":"warning","event":"The `airflow.operators.bash.BashOperator` attribute is deprecated. Please use `'airflow.providers.standard.operators.bash.BashOperator'`.","category":"DeprecatedImportWarning","filename":"/opt/airflow/dags/crawle_tiki.py","lineno":3,"logger":"py.warnings"}
{"timestamp":"2026-05-16T03:27:26.983011Z","level":"info","event":"Filling up the DagBag from /opt/airflow/dags/crawle_tiki.py","logger":"airflow.models.dagbag.DagBag","filename":"dagbag.py","lineno":593}
{"timestamp":"2026-05-16T03:27:26.987783Z","level":"warning","event":"The `airflow.operators.bash.BashOperator` attribute is deprecated. Please use `'airflow.providers.standard.operators.bash.BashOperator'`.","category":"DeprecatedImportWarning","filename":"/opt/airflow/dags/crawle_tiki.py","lineno":3,"logger":"py.warnings"}
{"timestamp":"2026-05-16T03:27:57.301979Z","level":"info","event":"Filling up the DagBag from /opt/airflow/dags/crawle_tiki.py","logger":"airflow.models.dagbag.DagBag","filename":"dagbag.py","lineno":593}
{"timestamp":"2026-05-16T03:27:57.305996Z","level":"warning","event":"The `airflow.operators.bash.BashOperator` attribute is deprecated. Please use `'airflow.providers.standard.operators.bash.BashOperator'`.","category":"DeprecatedImportWarning","filename":"/opt/airflow/dags/crawle_tiki.py","lineno":3,"logger":"py.warnings"}
{"timestamp":"2026-05-16T03:28:27.601788Z","level":"info","event":"Filling up the DagBag from /opt/airflow/dags/crawle_tiki.py","logger":"airflow.models.dagbag.DagBag","filename":"dagbag.py","lineno":593}
{"timestamp":"2026-05-16T03:28:27.608747Z","level":"warning","event":"The `airflow.operators.bash.BashOperator` attribute is deprecated. Please use `'airflow.providers.standard.operators.bash.BashOperator'`.","category":"DeprecatedImportWarning","filename":"/opt/airflow/dags/crawle_tiki.py","lineno":3,"logger":"py.warnings"}
{"timestamp":"2026-05-16T03:28:57.939263Z","level":"info","event":"Filling up the DagBag from /opt/airflow/dags/crawle_tiki.py","logger":"airflow.models.dagbag.DagBag","filename":"dagbag.py","lineno":593}
{"timestamp":"2026-05-16T03:28:57.944504Z","level":"warning","event":"The `airflow.operators.bash.BashOperator` attribute is deprecated. Please use `'airflow.providers.standard.operators.bash.BashOperator'`.","category":"DeprecatedImportWarning","filename":"/opt/airflow/dags/crawle_tiki.py","lineno":3,"logger":"py.warnings"}
{"timestamp":"2026-05-16T03:29:28.264259Z","level":"info","event":"Filling up the DagBag from /opt/airflow/dags/crawle_tiki.py","logger":"airflow.models.dagbag.DagBag","filename":"dagbag.py","lineno":593}
{"timestamp":"2026-05-16T03:29:28.272775Z","level":"warning","event":"The `airflow.operators.bash.BashOperator` attribute is deprecated. Please use `'airflow.providers.standard.operators.bash.BashOperator'`.","category":"DeprecatedImportWarning","filename":"/opt/airflow/dags/crawle_tiki.py","lineno":3,"logger":"py.warnings"}
{"timestamp":"2026-05-16T03:29:48.497365Z","level":"info","event":"Filling up the DagBag from /opt/airflow/dags/crawle_tiki.py","logger":"airflow.models.dagbag.DagBag","filename":"dagbag.py","lineno":593}
{"timestamp":"2026-05-16T03:29:48.501315Z","level":"warning","event":"The `airflow.operators.bash.BashOperator` attribute is deprecated. Please use `'airflow.providers.standard.operators.bash.BashOperator'`.","category":"DeprecatedImportWarning","filename":"/opt/airflow/dags/crawle_tiki.py","lineno":3,"logger":"py.warnings"}
{"timestamp":"2026-05-16T03:30:18.795371Z","level":"info","event":"Filling up the DagBag from /opt/airflow/dags/crawle_tiki.py","logger":"airflow.models.dagbag.DagBag","filename":"dagbag.py","lineno":593}
{"timestamp":"2026-05-16T03:30:18.798762Z","level":"warning","event":"The `airflow.operators.bash.BashOperator` attribute is deprecated. Please use `'airflow.providers.standard.operators.bash.BashOperator'`.","category":"DeprecatedImportWarning","filename":"/opt/airflow/dags/crawle_tiki.py","lineno":3,"logger":"py.warnings"}
{"timestamp":"2026-05-16T03:30:45.040794Z","level":"warning","event":"Error when trying to pre-import module 'airflow.providers.standard.operators.bash.BashOperator' found in /opt/airflow/dags/crawle_tiki.py: No module named 'airflow.providers.standard.operators.bash.BashOperator'; 'airflow.providers.standard.operators.bash' is not a package","logger":"processor"}
{"timestamp":"2026-05-16T03:30:45.063073Z","level":"info","event":"Filling up the DagBag from /opt/airflow/dags/crawle_tiki.py","logger":"airflow.models.dagbag.DagBag","filename":"dagbag.py","lineno":593}
{"timestamp":"2026-05-16T03:30:45.065104Z","level":"error","event":"Failed to import: /opt/airflow/dags/crawle_tiki.py","logger":"airflow.models.dagbag.DagBag","filename":"dagbag.py","lineno":415,"error_detail":[{"exc_type":"ModuleNotFoundError","exc_value":"No module named 'airflow.providers.standard.operators.bash.BashOperator'; 'airflow.providers.standard.operators.bash' is not a package","exc_notes":[],"syntax_error":null,"is_cause":false,"frames":[{"filename":"/home/airflow/.local/lib/python3.12/site-packages/airflow/models/dagbag.py","lineno":405,"name":"parse"},{"filename":"<frozen importlib._bootstrap_external>","lineno":999,"name":"exec_module"},{"filename":"<frozen importlib._bootstrap>","lineno":488,"name":"_call_with_frames_removed"},{"filename":"/opt/airflow/dags/crawle_tiki.py","lineno":3,"name":"<module>"}],"is_group":false,"exceptions":[]}]}
{"timestamp":"2026-05-16T03:31:15.370167Z","level":"warning","event":"Error when trying to pre-import module 'airflow.providers.standard.operators.bash.BashOperator' found in /opt/airflow/dags/crawle_tiki.py: No module named 'airflow.providers.standard.operators.bash.BashOperator'; 'airflow.providers.standard.operators.bash' is not a package","logger":"processor"}
{"timestamp":"2026-05-16T03:31:15.383579Z","level":"info","event":"Filling up the DagBag from /opt/airflow/dags/crawle_tiki.py","logger":"airflow.models.dagbag.DagBag","filename":"dagbag.py","lineno":593}
{"timestamp":"2026-05-16T03:31:15.385207Z","level":"error","event":"Failed to import: /opt/airflow/dags/crawle_tiki.py","logger":"airflow.models.dagbag.DagBag","filename":"dagbag.py","lineno":415,"error_detail":[{"exc_type":"ModuleNotFoundError","exc_value":"No module named 'airflow.providers.standard.operators.bash.BashOperator'; 'airflow.providers.standard.operators.bash' is not a package","exc_notes":[],"syntax_error":null,"is_cause":false,"frames":[{"filename":"/home/airflow/.local/lib/python3.12/site-packages/airflow/models/dagbag.py","lineno":405,"name":"parse"},{"filename":"<frozen importlib._bootstrap_external>","lineno":999,"name":"exec_module"},{"filename":"<frozen importlib._bootstrap>","lineno":488,"name":"_call_with_frames_removed"},{"filename":"/opt/airflow/dags/crawle_tiki.py","lineno":3,"name":"<module>"}],"is_group":false,"exceptions":[]}]}
{"timestamp":"2026-05-16T03:31:45.611918Z","level":"warning","event":"Error when trying to pre-import module 'airflow.providers.standard.operators.bash.BashOperator' found in /opt/airflow/dags/crawle_tiki.py: No module named 'airflow.providers.standard.operators.bash.BashOperator'; 'airflow.providers.standard.operators.bash' is not a package","logger":"processor"}
{"timestamp":"2026-05-16T03:31:45.629452Z","level":"info","event":"Filling up the DagBag from /opt/airflow/dags/crawle_tiki.py","logger":"airflow.models.dagbag.DagBag","filename":"dagbag.py","lineno":593}
{"timestamp":"2026-05-16T03:31:45.630435Z","level":"error","event":"Failed to import: /opt/airflow/dags/crawle_tiki.py","logger":"airflow.models.dagbag.DagBag","filename":"dagbag.py","lineno":415,"error_detail":[{"exc_type":"ModuleNotFoundError","exc_value":"No module named 'airflow.providers.standard.operators.bash.BashOperator'; 'airflow.providers.standard.operators.bash' is not a package","exc_notes":[],"syntax_error":null,"is_cause":false,"frames":[{"filename":"/home/airflow/.local/lib/python3.12/site-packages/airflow/models/dagbag.py","lineno":405,"name":"parse"},{"filename":"<frozen importlib._bootstrap_external>","lineno":999,"name":"exec_module"},{"filename":"<frozen importlib._bootstrap>","lineno":488,"name":"_call_with_frames_removed"},{"filename":"/opt/airflow/dags/crawle_tiki.py","lineno":3,"name":"<module>"}],"is_group":false,"exceptions":[]}]}
{"timestamp":"2026-05-16T03:32:03.807017Z","level":"info","event":"Filling up the DagBag from /opt/airflow/dags/crawle_tiki.py","logger":"airflow.models.dagbag.DagBag","filename":"dagbag.py","lineno":593}
{"timestamp":"2026-05-16T03:32:34.128883Z","level":"info","event":"Filling up the DagBag from /opt/airflow/dags/crawle_tiki.py","logger":"airflow.models.dagbag.DagBag","filename":"dagbag.py","lineno":593}
{"timestamp":"2026-05-16T03:33:04.414449Z","level":"info","event":"Filling up the DagBag from /opt/airflow/dags/crawle_tiki.py","logger":"airflow.models.dagbag.DagBag","filename":"dagbag.py","lineno":593}
{"timestamp":"2026-05-16T03:33:34.716698Z","level":"info","event":"Filling up the DagBag from /opt/airflow/dags/crawle_tiki.py","logger":"airflow.models.dagbag.DagBag","filename":"dagbag.py","lineno":593}
{"timestamp":"2026-05-16T03:34:04.999250Z","level":"info","event":"Filling up the DagBag from /opt/airflow/dags/crawle_tiki.py","logger":"airflow.models.dagbag.DagBag","filename":"dagbag.py","lineno":593}
{"timestamp":"2026-05-16T03:34:11.082370Z","level":"info","event":"Filling up the DagBag from /opt/airflow/dags/crawle_tiki.py","logger":"airflow.models.dagbag.DagBag","filename":"dagbag.py","lineno":593}
{"timestamp":"2026-05-16T03:34:41.386524Z","level":"info","event":"Filling up the DagBag from /opt/airflow/dags/crawle_tiki.py","logger":"airflow.models.dagbag.DagBag","filename":"dagbag.py","lineno":593}
{"timestamp":"2026-05-16T03:35:11.684007Z","level":"info","event":"Filling up the DagBag from /opt/airflow/dags/crawle_tiki.py","logger":"airflow.models.dagbag.DagBag","filename":"dagbag.py","lineno":593}
{"timestamp":"2026-05-16T03:35:41.953879Z","level":"info","event":"Filling up the DagBag from /opt/airflow/dags/crawle_tiki.py","logger":"airflow.models.dagbag.DagBag","filename":"dagbag.py","lineno":593}
{"timestamp":"2026-05-16T03:37:31.524297Z","level":"info","event":"Filling up the DagBag from /opt/airflow/dags/crawle_tiki.py","logger":"airflow.models.dagbag.DagBag","filename":"dagbag.py","lineno":593}
{"timestamp":"2026-05-16T03:38:01.837960Z","level":"info","event":"Filling up the DagBag from /opt/airflow/dags/crawle_tiki.py","logger":"airflow.models.dagbag.DagBag","filename":"dagbag.py","lineno":593}
{"timestamp":"2026-05-16T03:38:32.100118Z","level":"info","event":"Filling up the DagBag from /opt/airflow/dags/crawle_tiki.py","logger":"airflow.models.dagbag.DagBag","filename":"dagbag.py","lineno":593}
{"timestamp":"2026-05-16T03:39:02.420595Z","level":"info","event":"Filling up the DagBag from /opt/airflow/dags/crawle_tiki.py","logger":"airflow.models.dagbag.DagBag","filename":"dagbag.py","lineno":593}
{"timestamp":"2026-05-16T03:39:32.784137Z","level":"info","event":"Filling up the DagBag from /opt/airflow/dags/crawle_tiki.py","logger":"airflow.models.dagbag.DagBag","filename":"dagbag.py","lineno":593}
{"timestamp":"2026-05-16T03:40:03.154751Z","level":"info","event":"Filling up the DagBag from /opt/airflow/dags/crawle_tiki.py","logger":"airflow.models.dagbag.DagBag","filename":"dagbag.py","lineno":593}
{"timestamp":"2026-05-16T03:40:33.487919Z","level":"info","event":"Filling up the DagBag from /opt/airflow/dags/crawle_tiki.py","logger":"airflow.models.dagbag.DagBag","filename":"dagbag.py","lineno":593}
{"timestamp":"2026-05-16T03:41:03.756893Z","level":"info","event":"Filling up the DagBag from /opt/airflow/dags/crawle_tiki.py","logger":"airflow.models.dagbag.DagBag","filename":"dagbag.py","lineno":593}
{"timestamp":"2026-05-16T03:41:34.096358Z","level":"info","event":"Filling up the DagBag from /opt/airflow/dags/crawle_tiki.py","logger":"airflow.models.dagbag.DagBag","filename":"dagbag.py","lineno":593}
{"timestamp":"2026-05-16T03:42:04.452737Z","level":"info","event":"Filling up the DagBag from /opt/airflow/dags/crawle_tiki.py","logger":"airflow.models.dagbag.DagBag","filename":"dagbag.py","lineno":593}
{"timestamp":"2026-05-16T03:42:34.820837Z","level":"info","event":"Filling up the DagBag from /opt/airflow/dags/crawle_tiki.py","logger":"airflow.models.dagbag.DagBag","filename":"dagbag.py","lineno":593}
{"timestamp":"2026-05-16T03:43:05.111467Z","level":"info","event":"Filling up the DagBag from /opt/airflow/dags/crawle_tiki.py","logger":"airflow.models.dagbag.DagBag","filename":"dagbag.py","lineno":593}
{"timestamp":"2026-05-16T03:43:35.442587Z","level":"info","event":"Filling up the DagBag from /opt/airflow/dags/crawle_tiki.py","logger":"airflow.models.dagbag.DagBag","filename":"dagbag.py","lineno":593}
{"timestamp":"2026-05-16T03:44:05.793976Z","level":"info","event":"Filling up the DagBag from /opt/airflow/dags/crawle_tiki.py","logger":"airflow.models.dagbag.DagBag","filename":"dagbag.py","lineno":593}
{"timestamp":"2026-05-16T03:44:36.071784Z","level":"info","event":"Filling up the DagBag from /opt/airflow/dags/crawle_tiki.py","logger":"airflow.models.dagbag.DagBag","filename":"dagbag.py","lineno":593}
{"timestamp":"2026-05-16T03:45:06.372671Z","level":"info","event":"Filling up the DagBag from /opt/airflow/dags/crawle_tiki.py","logger":"airflow.models.dagbag.DagBag","filename":"dagbag.py","lineno":593}
{"timestamp":"2026-05-16T03:45:36.683560Z","level":"info","event":"Filling up the DagBag from /opt/airflow/dags/crawle_tiki.py","logger":"airflow.models.dagbag.DagBag","filename":"dagbag.py","lineno":593}
{"timestamp":"2026-05-16T03:46:06.998379Z","level":"info","event":"Filling up the DagBag from /opt/airflow/dags/crawle_tiki.py","logger":"airflow.models.dagbag.DagBag","filename":"dagbag.py","lineno":593}
{"timestamp":"2026-05-16T03:46:37.335235Z","level":"info","event":"Filling up the DagBag from /opt/airflow/dags/crawle_tiki.py","logger":"airflow.models.dagbag.DagBag","filename":"dagbag.py","lineno":593}
{"timestamp":"2026-05-16T03:47:07.612958Z","level":"info","event":"Filling up the DagBag from /opt/airflow/dags/crawle_tiki.py","logger":"airflow.models.dagbag.DagBag","filename":"dagbag.py","lineno":593}
{"timestamp":"2026-05-16T03:47:37.951646Z","level":"info","event":"Filling up the DagBag from /opt/airflow/dags/crawle_tiki.py","logger":"airflow.models.dagbag.DagBag","filename":"dagbag.py","lineno":593}
{"timestamp":"2026-05-16T03:48:08.264188Z","level":"info","event":"Filling up the DagBag from /opt/airflow/dags/crawle_tiki.py","logger":"airflow.models.dagbag.DagBag","filename":"dagbag.py","lineno":593}
{"timestamp":"2026-05-16T03:48:38.594733Z","level":"info","event":"Filling up the DagBag from /opt/airflow/dags/crawle_tiki.py","logger":"airflow.models.dagbag.DagBag","filename":"dagbag.py","lineno":593}
{"timestamp":"2026-05-16T03:49:08.903364Z","level":"info","event":"Filling up the DagBag from /opt/airflow/dags/crawle_tiki.py","logger":"airflow.models.dagbag.DagBag","filename":"dagbag.py","lineno":593}
{"timestamp":"2026-05-16T03:49:39.185993Z","level":"info","event":"Filling up the DagBag from /opt/airflow/dags/crawle_tiki.py","logger":"airflow.models.dagbag.DagBag","filename":"dagbag.py","lineno":593}
{"timestamp":"2026-05-16T03:50:09.498381Z","level":"info","event":"Filling up the DagBag from /opt/airflow/dags/crawle_tiki.py","logger":"airflow.models.dagbag.DagBag","filename":"dagbag.py","lineno":593}
{"timestamp":"2026-05-16T03:50:39.816461Z","level":"info","event":"Filling up the DagBag from /opt/airflow/dags/crawle_tiki.py","logger":"airflow.models.dagbag.DagBag","filename":"dagbag.py","lineno":593}
{"timestamp":"2026-05-16T03:51:10.119463Z","level":"info","event":"Filling up the DagBag from /opt/airflow/dags/crawle_tiki.py","logger":"airflow.models.dagbag.DagBag","filename":"dagbag.py","lineno":593}
{"timestamp":"2026-05-16T03:51:40.476104Z","level":"info","event":"Filling up the DagBag from /opt/airflow/dags/crawle_tiki.py","logger":"airflow.models.dagbag.DagBag","filename":"dagbag.py","lineno":593}
{"timestamp":"2026-05-16T03:52:10.856410Z","level":"info","event":"Filling up the DagBag from /opt/airflow/dags/crawle_tiki.py","logger":"airflow.models.dagbag.DagBag","filename":"dagbag.py","lineno":593}
{"timestamp":"2026-05-16T03:52:41.217806Z","level":"info","event":"Filling up the DagBag from /opt/airflow/dags/crawle_tiki.py","logger":"airflow.models.dagbag.DagBag","filename":"dagbag.py","lineno":593}
{"timestamp":"2026-05-16T03:53:11.563866Z","level":"info","event":"Filling up the DagBag from /opt/airflow/dags/crawle_tiki.py","logger":"airflow.models.dagbag.DagBag","filename":"dagbag.py","lineno":593}
{"timestamp":"2026-05-16T03:53:41.914438Z","level":"info","event":"Filling up the DagBag from /opt/airflow/dags/crawle_tiki.py","logger":"airflow.models.dagbag.DagBag","filename":"dagbag.py","lineno":593}
{"timestamp":"2026-05-16T03:54:12.183564Z","level":"info","event":"Filling up the DagBag from /opt/airflow/dags/crawle_tiki.py","logger":"airflow.models.dagbag.DagBag","filename":"dagbag.py","lineno":593}
{"timestamp":"2026-05-16T03:54:42.498753Z","level":"info","event":"Filling up the DagBag from /opt/airflow/dags/crawle_tiki.py","logger":"airflow.models.dagbag.DagBag","filename":"dagbag.py","lineno":593}
{"timestamp":"2026-05-16T03:55:12.815745Z","level":"info","event":"Filling up the DagBag from /opt/airflow/dags/crawle_tiki.py","logger":"airflow.models.dagbag.DagBag","filename":"dagbag.py","lineno":593}
{"timestamp":"2026-05-16T03:55:43.143645Z","level":"info","event":"Filling up the DagBag from /opt/airflow/dags/crawle_tiki.py","logger":"airflow.models.dagbag.DagBag","filename":"dagbag.py","lineno":593}
{"timestamp":"2026-05-16T03:56:13.479203Z","level":"info","event":"Filling up the DagBag from /opt/airflow/dags/crawle_tiki.py","logger":"airflow.models.dagbag.DagBag","filename":"dagbag.py","lineno":593}
